// Jest Snapshot v1, https://goo.gl/fbAQLP

exports[`<Plateau /> should create a snapshot 1`] = `
<Plateau
  height={5}
  width={5}
>
  <section
    className="plateau"
  >
    <PlateauSquare
      axis="x0:y4"
      empty={true}
      key="x0:y4"
    >
      <div
        className="tile empty"
        data-axis="x0:y4"
      />
    </PlateauSquare>
    <PlateauSquare
      axis="x1:y4"
      empty={true}
      key="x1:y4"
    >
      <div
        className="tile empty"
        data-axis="x1:y4"
      />
    </PlateauSquare>
    <PlateauSquare
      axis="x2:y4"
      empty={true}
      key="x2:y4"
    >
      <div
        className="tile empty"
        data-axis="x2:y4"
      />
    </PlateauSquare>
    <PlateauSquare
      axis="x3:y4"
      empty={true}
      key="x3:y4"
    >
      <div
        className="tile empty"
        data-axis="x3:y4"
      />
    </PlateauSquare>
    <PlateauSquare
      axis="x4:y4"
      empty={true}
      key="x4:y4"
    >
      <div
        className="tile empty"
        data-axis="x4:y4"
      />
    </PlateauSquare>
    <PlateauSquare
      axis="x0:y3"
      empty={true}
      key="x0:y3"
    >
      <div
        className="tile empty"
        data-axis="x0:y3"
      />
    </PlateauSquare>
    <PlateauSquare
      axis="x1:y3"
      empty={true}
      key="x1:y3"
    >
      <div
        className="tile empty"
        data-axis="x1:y3"
      />
    </PlateauSquare>
    <PlateauSquare
      axis="x2:y3"
      empty={true}
      key="x2:y3"
    >
      <div
        className="tile empty"
        data-axis="x2:y3"
      />
    </PlateauSquare>
    <PlateauSquare
      axis="x3:y3"
      empty={true}
      key="x3:y3"
    >
      <div
        className="tile empty"
        data-axis="x3:y3"
      />
    </PlateauSquare>
    <PlateauSquare
      axis="x4:y3"
      empty={true}
      key="x4:y3"
    >
      <div
        className="tile empty"
        data-axis="x4:y3"
      />
    </PlateauSquare>
    <PlateauSquare
      axis="x0:y2"
      empty={true}
      key="x0:y2"
    >
      <div
        className="tile empty"
        data-axis="x0:y2"
      />
    </PlateauSquare>
    <PlateauSquare
      axis="x1:y2"
      empty={true}
      key="x1:y2"
    >
      <div
        className="tile empty"
        data-axis="x1:y2"
      />
    </PlateauSquare>
    <PlateauSquare
      axis="x2:y2"
      empty={true}
      key="x2:y2"
    >
      <div
        className="tile empty"
        data-axis="x2:y2"
      />
    </PlateauSquare>
    <PlateauSquare
      axis="x3:y2"
      empty={true}
      key="x3:y2"
    >
      <div
        className="tile empty"
        data-axis="x3:y2"
      />
    </PlateauSquare>
    <PlateauSquare
      axis="x4:y2"
      empty={true}
      key="x4:y2"
    >
      <div
        className="tile empty"
        data-axis="x4:y2"
      />
    </PlateauSquare>
    <PlateauSquare
      axis="x0:y1"
      empty={true}
      key="x0:y1"
    >
      <div
        className="tile empty"
        data-axis="x0:y1"
      />
    </PlateauSquare>
    <PlateauSquare
      axis="x1:y1"
      empty={true}
      key="x1:y1"
    >
      <div
        className="tile empty"
        data-axis="x1:y1"
      />
    </PlateauSquare>
    <PlateauSquare
      axis="x2:y1"
      empty={true}
      key="x2:y1"
    >
      <div
        className="tile empty"
        data-axis="x2:y1"
      />
    </PlateauSquare>
    <PlateauSquare
      axis="x3:y1"
      empty={true}
      key="x3:y1"
    >
      <div
        className="tile empty"
        data-axis="x3:y1"
      />
    </PlateauSquare>
    <PlateauSquare
      axis="x4:y1"
      empty={true}
      key="x4:y1"
    >
      <div
        className="tile empty"
        data-axis="x4:y1"
      />
    </PlateauSquare>
    <PlateauSquare
      axis="x0:y0"
      empty={true}
      key="x0:y0"
    >
      <div
        className="tile empty"
        data-axis="x0:y0"
      />
    </PlateauSquare>
    <PlateauSquare
      axis="x1:y0"
      empty={true}
      key="x1:y0"
    >
      <div
        className="tile empty"
        data-axis="x1:y0"
      />
    </PlateauSquare>
    <PlateauSquare
      axis="x2:y0"
      empty={true}
      key="x2:y0"
    >
      <div
        className="tile empty"
        data-axis="x2:y0"
      />
    </PlateauSquare>
    <PlateauSquare
      axis="x3:y0"
      empty={true}
      key="x3:y0"
    >
      <div
        className="tile empty"
        data-axis="x3:y0"
      />
    </PlateauSquare>
    <PlateauSquare
      axis="x4:y0"
      empty={true}
      key="x4:y0"
    >
      <div
        className="tile empty"
        data-axis="x4:y0"
      />
    </PlateauSquare>
  </section>
</Plateau>
`;
