// Jest Snapshot v1, https://goo.gl/fbAQLP

exports[`<Dropdown /> should create a snapshot 1`] = `
<CoordsDropdown
  height={8}
  setRoverPosition={[Function]}
  width={8}
>
  <div
    className="wrapper"
  >
    <h5
      onClick={[Function]}
    >
      Set Rover Coords
    </h5>
    <div
      className="items show"
    >
      <div
        className="coords"
        style={
          Object {
            "width": "800px",
          }
        }
      >
        <span
          className="item-coords"
          key="0-7"
          onClick={[Function]}
        >
          0
           
          7
        </span>
        <span
          className="item-coords"
          key="1-7"
          onClick={[Function]}
        >
          1
           
          7
        </span>
        <span
          className="item-coords"
          key="2-7"
          onClick={[Function]}
        >
          2
           
          7
        </span>
        <span
          className="item-coords"
          key="3-7"
          onClick={[Function]}
        >
          3
           
          7
        </span>
        <span
          className="item-coords"
          key="4-7"
          onClick={[Function]}
        >
          4
           
          7
        </span>
        <span
          className="item-coords"
          key="5-7"
          onClick={[Function]}
        >
          5
           
          7
        </span>
        <span
          className="item-coords"
          key="6-7"
          onClick={[Function]}
        >
          6
           
          7
        </span>
        <span
          className="item-coords"
          key="7-7"
          onClick={[Function]}
        >
          7
           
          7
        </span>
        <span
          className="item-coords"
          key="0-6"
          onClick={[Function]}
        >
          0
           
          6
        </span>
        <span
          className="item-coords"
          key="1-6"
          onClick={[Function]}
        >
          1
           
          6
        </span>
        <span
          className="item-coords"
          key="2-6"
          onClick={[Function]}
        >
          2
           
          6
        </span>
        <span
          className="item-coords"
          key="3-6"
          onClick={[Function]}
        >
          3
           
          6
        </span>
        <span
          className="item-coords"
          key="4-6"
          onClick={[Function]}
        >
          4
           
          6
        </span>
        <span
          className="item-coords"
          key="5-6"
          onClick={[Function]}
        >
          5
           
          6
        </span>
        <span
          className="item-coords"
          key="6-6"
          onClick={[Function]}
        >
          6
           
          6
        </span>
        <span
          className="item-coords"
          key="7-6"
          onClick={[Function]}
        >
          7
           
          6
        </span>
        <span
          className="item-coords"
          key="0-5"
          onClick={[Function]}
        >
          0
           
          5
        </span>
        <span
          className="item-coords"
          key="1-5"
          onClick={[Function]}
        >
          1
           
          5
        </span>
        <span
          className="item-coords"
          key="2-5"
          onClick={[Function]}
        >
          2
           
          5
        </span>
        <span
          className="item-coords"
          key="3-5"
          onClick={[Function]}
        >
          3
           
          5
        </span>
        <span
          className="item-coords"
          key="4-5"
          onClick={[Function]}
        >
          4
           
          5
        </span>
        <span
          className="item-coords"
          key="5-5"
          onClick={[Function]}
        >
          5
           
          5
        </span>
        <span
          className="item-coords"
          key="6-5"
          onClick={[Function]}
        >
          6
           
          5
        </span>
        <span
          className="item-coords"
          key="7-5"
          onClick={[Function]}
        >
          7
           
          5
        </span>
        <span
          className="item-coords"
          key="0-4"
          onClick={[Function]}
        >
          0
           
          4
        </span>
        <span
          className="item-coords"
          key="1-4"
          onClick={[Function]}
        >
          1
           
          4
        </span>
        <span
          className="item-coords"
          key="2-4"
          onClick={[Function]}
        >
          2
           
          4
        </span>
        <span
          className="item-coords"
          key="3-4"
          onClick={[Function]}
        >
          3
           
          4
        </span>
        <span
          className="item-coords"
          key="4-4"
          onClick={[Function]}
        >
          4
           
          4
        </span>
        <span
          className="item-coords"
          key="5-4"
          onClick={[Function]}
        >
          5
           
          4
        </span>
        <span
          className="item-coords"
          key="6-4"
          onClick={[Function]}
        >
          6
           
          4
        </span>
        <span
          className="item-coords"
          key="7-4"
          onClick={[Function]}
        >
          7
           
          4
        </span>
        <span
          className="item-coords"
          key="0-3"
          onClick={[Function]}
        >
          0
           
          3
        </span>
        <span
          className="item-coords"
          key="1-3"
          onClick={[Function]}
        >
          1
           
          3
        </span>
        <span
          className="item-coords"
          key="2-3"
          onClick={[Function]}
        >
          2
           
          3
        </span>
        <span
          className="item-coords"
          key="3-3"
          onClick={[Function]}
        >
          3
           
          3
        </span>
        <span
          className="item-coords"
          key="4-3"
          onClick={[Function]}
        >
          4
           
          3
        </span>
        <span
          className="item-coords"
          key="5-3"
          onClick={[Function]}
        >
          5
           
          3
        </span>
        <span
          className="item-coords"
          key="6-3"
          onClick={[Function]}
        >
          6
           
          3
        </span>
        <span
          className="item-coords"
          key="7-3"
          onClick={[Function]}
        >
          7
           
          3
        </span>
        <span
          className="item-coords"
          key="0-2"
          onClick={[Function]}
        >
          0
           
          2
        </span>
        <span
          className="item-coords"
          key="1-2"
          onClick={[Function]}
        >
          1
           
          2
        </span>
        <span
          className="item-coords"
          key="2-2"
          onClick={[Function]}
        >
          2
           
          2
        </span>
        <span
          className="item-coords"
          key="3-2"
          onClick={[Function]}
        >
          3
           
          2
        </span>
        <span
          className="item-coords"
          key="4-2"
          onClick={[Function]}
        >
          4
           
          2
        </span>
        <span
          className="item-coords"
          key="5-2"
          onClick={[Function]}
        >
          5
           
          2
        </span>
        <span
          className="item-coords"
          key="6-2"
          onClick={[Function]}
        >
          6
           
          2
        </span>
        <span
          className="item-coords"
          key="7-2"
          onClick={[Function]}
        >
          7
           
          2
        </span>
        <span
          className="item-coords"
          key="0-1"
          onClick={[Function]}
        >
          0
           
          1
        </span>
        <span
          className="item-coords"
          key="1-1"
          onClick={[Function]}
        >
          1
           
          1
        </span>
        <span
          className="item-coords"
          key="2-1"
          onClick={[Function]}
        >
          2
           
          1
        </span>
        <span
          className="item-coords"
          key="3-1"
          onClick={[Function]}
        >
          3
           
          1
        </span>
        <span
          className="item-coords"
          key="4-1"
          onClick={[Function]}
        >
          4
           
          1
        </span>
        <span
          className="item-coords"
          key="5-1"
          onClick={[Function]}
        >
          5
           
          1
        </span>
        <span
          className="item-coords"
          key="6-1"
          onClick={[Function]}
        >
          6
           
          1
        </span>
        <span
          className="item-coords"
          key="7-1"
          onClick={[Function]}
        >
          7
           
          1
        </span>
        <span
          className="item-coords"
          key="0-0"
          onClick={[Function]}
        >
          0
           
          0
        </span>
        <span
          className="item-coords"
          key="1-0"
          onClick={[Function]}
        >
          1
           
          0
        </span>
        <span
          className="item-coords"
          key="2-0"
          onClick={[Function]}
        >
          2
           
          0
        </span>
        <span
          className="item-coords"
          key="3-0"
          onClick={[Function]}
        >
          3
           
          0
        </span>
        <span
          className="item-coords"
          key="4-0"
          onClick={[Function]}
        >
          4
           
          0
        </span>
        <span
          className="item-coords"
          key="5-0"
          onClick={[Function]}
        >
          5
           
          0
        </span>
        <span
          className="item-coords"
          key="6-0"
          onClick={[Function]}
        >
          6
           
          0
        </span>
        <span
          className="item-coords"
          key="7-0"
          onClick={[Function]}
        >
          7
           
          0
        </span>
      </div>
      <div
        className="cardinals"
      >
        <span
          className="item-cardinals"
          key="N"
          onClick={[Function]}
        >
          N
        </span>
        <span
          className="item-cardinals"
          key="S"
          onClick={[Function]}
        >
          S
        </span>
        <span
          className="item-cardinals"
          key="E"
          onClick={[Function]}
        >
          E
        </span>
        <span
          className="item-cardinals"
          key="W"
          onClick={[Function]}
        >
          W
        </span>
      </div>
    </div>
  </div>
</CoordsDropdown>
`;
