// Jest Snapshot v1, https://goo.gl/fbAQLP

exports[`<NextSteps /> should create a snapshot 1`] = `
<NextSteps
  initialPosition="0 0 N"
  outOfBoundaries={1}
  setRoverNextSteps={[Function]}
>
  <div>
    <h5>
      Set Rover Next Steps
    </h5>
    <button
      data-step="L"
      key="L"
      onClick={[Function]}
    >
      L
    </button>
    <button
      data-step="M"
      key="M"
      onClick={[Function]}
    >
      M
    </button>
    <button
      data-step="R"
      key="R"
      onClick={[Function]}
    >
      R
    </button>
  </div>
</NextSteps>
`;
