// Jest Snapshot v1, https://goo.gl/fbAQLP

exports[`<PlateauSquare /> should create a snapshot 1`] = `
<PlateauSquare
  axis="x0:y0"
  empty={true}
  willBeBusy={true}
>
  <div
    className="tile will-be-busy"
    data-axis="x0:y0"
  >
    x0:y0
  </div>
</PlateauSquare>
`;
